// Jest Snapshot v1, https://goo.gl/fbAQLP

exports[`idempotency should allow things to be configured 1`] = `
[
  [
    {
      "ConditionExpression": "attribute_not_exists(ID)",
      "Item": {
        "ID": "1",
        "TTL": 43,
      },
      "Key": {
        "ID": "1",
      },
      "TableName": "TABLE",
    },
  ],
]
`;

exports[`idempotency should return replay false if not cached, or not in ddb 1`] = `
[
  [
    1,
  ],
]
`;

exports[`idempotency should return replay false if not cached, or not in ddb 2`] = `
[
  [
    1,
  ],
]
`;

exports[`idempotency should return replay false if not cached, or not in ddb 3`] = `
[
  [
    {
      "ConditionExpression": "attribute_not_exists(id)",
      "Item": {
        "id": "1",
        "ttl": 61,
      },
      "Key": {
        "id": "1",
      },
      "TableName": "idempotency",
    },
  ],
]
`;

exports[`idempotency should return replay true if cached 1`] = `
[
  [
    1,
  ],
]
`;

exports[`idempotency should return replay true if cached 2`] = `[]`;

exports[`idempotency should return replay true if cached 3`] = `[]`;

exports[`idempotency should return replay true if not cached, but in ddb 1`] = `
[
  [
    1,
  ],
]
`;

exports[`idempotency should return replay true if not cached, but in ddb 2`] = `
[
  [
    1,
  ],
]
`;

exports[`idempotency should return replay true if not cached, but in ddb 3`] = `
[
  [
    {
      "ConditionExpression": "attribute_not_exists(id)",
      "Item": {
        "id": "1",
        "ttl": 61,
      },
      "Key": {
        "id": "1",
      },
      "TableName": "idempotency",
    },
  ],
]
`;
